// Jest Snapshot v1, https://goo.gl/fbAQLP

exports[`Movie filters should render movie filters component 1`] = `
<nav
  className="flex flex-row"
>
  <span
    className="text-white p-5 cursor-pointer hover:text-primary focus:outline-none uppercase font-medium border-b-2 border-primary"
  >
    All
  </span>
  <span
    className="text-white p-5 cursor-pointer hover:text-primary focus:outline-none uppercase font-medium border-b-2"
  >
    Documentary
  </span>
  <span
    className="text-white p-5 cursor-pointer hover:text-primary focus:outline-none uppercase font-medium border-b-2"
  >
    Comedy
  </span>
  <span
    className="text-white p-5 cursor-pointer hover:text-primary focus:outline-none uppercase font-medium border-b-2"
  >
    Horror
  </span>
  <span
    className="text-white p-5 cursor-pointer hover:text-primary focus:outline-none uppercase font-medium border-b-2"
  >
    Crime
  </span>
  <span
    className="cursor-default mx-auto w-full border-b-2"
  />
  <span
    className="text-white p-5 uppercase font-normal border-b-2 text-opacity-50 whitespace-nowrap"
  >
    Sort by
  </span>
  <div
    className="relative w-full"
  >
    <select
      className="block appearance-none w-full bg-transparent text-white p-5 border-b-2 font-medium focus:outline-none"
    >
      <option>
        All
      </option>
      <option>
        Comedy
      </option>
      <option>
        Documentary
      </option>
      <option>
        Horror
      </option>
      <option>
        Crime
      </option>
    </select>
    <div
      className="pointer-events-none absolute inset-y-0 right-0 flex items-center px-2 text-gray-700"
    >
      <svg
        className="fill-current h-3 w-3"
      >
        arrowDown.svg
      </svg>
    </div>
  </div>
</nav>
`;
